MODEL_NAME	MODEL_ID	N	m	d	M	Nt	reps
StSI_50I_N-50x1400_sam-49x0-1x20_m_-4.4384_size-5x100000000_mu_1.0E-08_gr_0_no_events	Y2GJN61B8DC3WJHA1T55	1400	3.6443e-05	50	5.0	1400	1
StSI_50I_N-50x1400_sam-49x0-1x20_m_-4.4384_size-5x100000000_mu_1.0E-08_gr_0_no_events	Y2GJN61B8DC3WJHA1T55	1400 1400 1400 1400 1400 1400 1400 1400 1400 1400 1400 1400 1400 1400 1400 1400 1400 1400 1400 1400 1400 1400 1400 1400 1400 1400 1400 1400 1400 1400 1400 1400 1400 1400 1400 1400 1400 1400 1400 1400 1400 1400 1400 1400 1400 1400 1400 1400 1400 1400	[3.6443e-05]	50	1
StSI_50I_N-50x1400_sam-49x0-1x20_m_-4.4384_size-5x100000000_mu_1.0E-08_gr_0_no_events	W9H37AUF03BRB77B2TE2	1400	3.6443e-05	50	5.0	1400	1
StSI_50I_N-50x1400_sam-49x0-1x20_m_-4.4384_size-5x100000000_mu_1.0E-08_gr_0_no_events	W9H37AUF03BRB77B2TE2	1400 1400 1400 1400 1400 1400 1400 1400 1400 1400 1400 1400 1400 1400 1400 1400 1400 1400 1400 1400 1400 1400 1400 1400 1400 1400 1400 1400 1400 1400 1400 1400 1400 1400 1400 1400 1400 1400 1400 1400 1400 1400 1400 1400 1400 1400 1400 1400 1400 1400	[3.6443e-05]	50	1
StSI_50I_N-50x1400_sam-49x0-1x20_m_-4.4384_size-5x100000000_mu_1.0E-08_gr_0_no_events	W9H37AUF03BRB77B2TE2	1400	3.6443e-05	50	5.0	1400	1
StSI_50I_N-50x1400_sam-49x0-1x20_m_-4.4384_size-5x100000000_mu_1.0E-08_gr_0_no_events	W9H37AUF03BRB77B2TE2	1400 1400 1400 1400 1400 1400 1400 1400 1400 1400 1400 1400 1400 1400 1400 1400 1400 1400 1400 1400 1400 1400 1400 1400 1400 1400 1400 1400 1400 1400 1400 1400 1400 1400 1400 1400 1400 1400 1400 1400 1400 1400 1400 1400 1400 1400 1400 1400 1400 1400	[3.6443e-05]	50	1
StSI_50I_N-50x1400_sam-49x0-1x20_m_-5.1374_size-5x100000000_mu_1.0E-08_gr_0_no_events	RENIBJGBL9SY43IMMIDB	1400	7.2886e-06	50	1.0	1400	1
StSI_50I_N-50x1400_sam-49x0-1x20_m_-5.1374_size-5x100000000_mu_1.0E-08_gr_0_no_events	RENIBJGBL9SY43IMMIDB	1400 1400 1400 1400 1400 1400 1400 1400 1400 1400 1400 1400 1400 1400 1400 1400 1400 1400 1400 1400 1400 1400 1400 1400 1400 1400 1400 1400 1400 1400 1400 1400 1400 1400 1400 1400 1400 1400 1400 1400 1400 1400 1400 1400 1400 1400 1400 1400 1400 1400	[7.2886e-06]	50	1
StSI_50I_N-50x1400_sam-49x0-1x20_m_-5.1374_size-5x100000000_mu_1.0E-08_gr_0_no_events	RENIBJGBL9SY43IMMIDB	1400	7.2886e-06	50	1.0	1400	1
StSI_50I_N-50x1400_sam-49x0-1x20_m_-5.1374_size-5x100000000_mu_1.0E-08_gr_0_no_events	RENIBJGBL9SY43IMMIDB	1400 1400 1400 1400 1400 1400 1400 1400 1400 1400 1400 1400 1400 1400 1400 1400 1400 1400 1400 1400 1400 1400 1400 1400 1400 1400 1400 1400 1400 1400 1400 1400 1400 1400 1400 1400 1400 1400 1400 1400 1400 1400 1400 1400 1400 1400 1400 1400 1400 1400	[7.2886e-06]	50	1
StSI_50I_N-50x1400_sam-49x0-1x20_m_-4.4384_size-5x100000000_mu_1.0E-08_gr_0_no_events	BDB4UPZPHLP1QLSEOMKH	1400	3.6443e-05	50	5.0	1400	1
StSI_50I_N-50x1400_sam-49x0-1x20_m_-4.4384_size-5x100000000_mu_1.0E-08_gr_0_no_events	BDB4UPZPHLP1QLSEOMKH	1400 1400 1400 1400 1400 1400 1400 1400 1400 1400 1400 1400 1400 1400 1400 1400 1400 1400 1400 1400 1400 1400 1400 1400 1400 1400 1400 1400 1400 1400 1400 1400 1400 1400 1400 1400 1400 1400 1400 1400 1400 1400 1400 1400 1400 1400 1400 1400 1400 1400	[3.6443e-05]	50	1
StSI_50I_N-50x1400_sam-49x0-1x20_m_-5.1374_size-5x100000000_mu_1.0E-08_gr_0_no_events_deme_1_ditto	EJYDZ3MAIMZJGGGN9G8N	1	0	100	0	StSI_50I_N-50x1400_sam-49x0-1x20_m_-5.1374_size-5x100000000_mu_1.0E-08_gr_0_no_events_deme_1_ditto
StSI_50I_N-50x1400_sam-49x0-1x20_m_-4.4384_size-5x100000000_mu_1.0E-08_gr_0_no_events_deme_1_ditto	DDF8BBVJ7N2WC5IY3OUW	1	0	100	0	StSI_50I_N-50x1400_sam-49x0-1x20_m_-4.4384_size-5x100000000_mu_1.0E-08_gr_0_no_events_deme_1_ditto
StSI_50I_N-50x1400_sam-49x0-1x20_m_-5.1374_size-5x100000000_mu_1.0E-08_gr_0_no_events	RENIBJGBL9SY43IMMIDB	1400	7.2886e-06	50	1.0	1400	1
StSI_50I_N-50x1400_sam-49x0-1x20_m_-5.1374_size-5x100000000_mu_1.0E-08_gr_0_no_events	RENIBJGBL9SY43IMMIDB	1400 1400 1400 1400 1400 1400 1400 1400 1400 1400 1400 1400 1400 1400 1400 1400 1400 1400 1400 1400 1400 1400 1400 1400 1400 1400 1400 1400 1400 1400 1400 1400 1400 1400 1400 1400 1400 1400 1400 1400 1400 1400 1400 1400 1400 1400 1400 1400 1400 1400	[7.2886e-06]	50	1
StSI_50I_N-50x1400_sam-49x0-1x20_m_-4.4384_size-5x100000000_mu_1.0E-08_gr_0_no_events	BDB4UPZPHLP1QLSEOMKH	1400	3.6443e-05	50	5.0	1400	1
StSI_50I_N-50x1400_sam-49x0-1x20_m_-4.4384_size-5x100000000_mu_1.0E-08_gr_0_no_events	BDB4UPZPHLP1QLSEOMKH	1400 1400 1400 1400 1400 1400 1400 1400 1400 1400 1400 1400 1400 1400 1400 1400 1400 1400 1400 1400 1400 1400 1400 1400 1400 1400 1400 1400 1400 1400 1400 1400 1400 1400 1400 1400 1400 1400 1400 1400 1400 1400 1400 1400 1400 1400 1400 1400 1400 1400	[3.6443e-05]	50	1
StSI_50I_N-50x1400_sam-49x0-1x20_m_-4.4384_size-5x100000000_mu_1.0E-08_gr_0_no_events	HI3GX3I06PRFLIIRECOL	1400	3.6443e-05	50	5.0	1400	1
StSI_50I_N-50x1400_sam-49x0-1x20_m_-4.4384_size-5x100000000_mu_1.0E-08_gr_0_no_events	HI3GX3I06PRFLIIRECOL	1400 1400 1400 1400 1400 1400 1400 1400 1400 1400 1400 1400 1400 1400 1400 1400 1400 1400 1400 1400 1400 1400 1400 1400 1400 1400 1400 1400 1400 1400 1400 1400 1400 1400 1400 1400 1400 1400 1400 1400 1400 1400 1400 1400 1400 1400 1400 1400 1400 1400	[3.6443e-05]	50	1
StSI_50I_N-50x1400_sam-49x0-1x20_m_-5.1374_size-5x100000000_mu_1.0E-08_gr_0_no_events	NCL56PDTQ18NTTO96RXY	1400	7.2886e-06	50	1.0	1400	1
StSI_50I_N-50x1400_sam-49x0-1x20_m_-5.1374_size-5x100000000_mu_1.0E-08_gr_0_no_events	NCL56PDTQ18NTTO96RXY	1400 1400 1400 1400 1400 1400 1400 1400 1400 1400 1400 1400 1400 1400 1400 1400 1400 1400 1400 1400 1400 1400 1400 1400 1400 1400 1400 1400 1400 1400 1400 1400 1400 1400 1400 1400 1400 1400 1400 1400 1400 1400 1400 1400 1400 1400 1400 1400 1400 1400	[7.2886e-06]	50	1
StSI_50I_N-50x1400_sam-49x0-1x20_m_-5.1374_size-5x100000000_mu_1.0E-08_gr_0_no_events	ST8B1FNQJK1PFBOQ5LXV	1400	7.2886e-06	50	1.0	1400	1
StSI_50I_N-50x1400_sam-49x0-1x20_m_-5.1374_size-5x100000000_mu_1.0E-08_gr_0_no_events	ST8B1FNQJK1PFBOQ5LXV	1400 1400 1400 1400 1400 1400 1400 1400 1400 1400 1400 1400 1400 1400 1400 1400 1400 1400 1400 1400 1400 1400 1400 1400 1400 1400 1400 1400 1400 1400 1400 1400 1400 1400 1400 1400 1400 1400 1400 1400 1400 1400 1400 1400 1400 1400 1400 1400 1400 1400	[7.2886e-06]	50	1
StSI_50I_N-50x1400_sam-49x0-1x20_m_-4.4384_size-5x100000000_mu_1.0E-08_gr_0_no_events	G8SMP6QSJG0PV1BBJQM3	1400	3.6443e-05	50	5.0	1400	1
StSI_50I_N-50x1400_sam-49x0-1x20_m_-4.4384_size-5x100000000_mu_1.0E-08_gr_0_no_events	G8SMP6QSJG0PV1BBJQM3	1400 1400 1400 1400 1400 1400 1400 1400 1400 1400 1400 1400 1400 1400 1400 1400 1400 1400 1400 1400 1400 1400 1400 1400 1400 1400 1400 1400 1400 1400 1400 1400 1400 1400 1400 1400 1400 1400 1400 1400 1400 1400 1400 1400 1400 1400 1400 1400 1400 1400	[3.6443e-05]	50	1
StSI_50I_N-50x1400_sam-49x0-1x20_m_-5.1374_size-5x100000000_mu_1.0E-08_gr_0_no_events_deme_1_ditto	WGJ0UZMBWKFPQ9LCW3Y1	1	0	100	0	StSI_50I_N-50x1400_sam-49x0-1x20_m_-5.1374_size-5x100000000_mu_1.0E-08_gr_0_no_events_deme_1_ditto
StSI_50I_N-50x1400_sam-49x0-1x20_m_-4.4384_size-5x100000000_mu_1.0E-08_gr_0_no_events_deme_1_ditto	WRGXDPET923S4AK99QAS	1	0	100	0	StSI_50I_N-50x1400_sam-49x0-1x20_m_-4.4384_size-5x100000000_mu_1.0E-08_gr_0_no_events_deme_1_ditto
StSI_50I_N-50x1400_sam-49x0-1x20_m_-5.1374_size-5x100000000_mu_1.0E-08_gr_0_no_events	ST8B1FNQJK1PFBOQ5LXV	1400	7.2886e-06	50	1.0	1400	1
StSI_50I_N-50x1400_sam-49x0-1x20_m_-5.1374_size-5x100000000_mu_1.0E-08_gr_0_no_events	ST8B1FNQJK1PFBOQ5LXV	1400 1400 1400 1400 1400 1400 1400 1400 1400 1400 1400 1400 1400 1400 1400 1400 1400 1400 1400 1400 1400 1400 1400 1400 1400 1400 1400 1400 1400 1400 1400 1400 1400 1400 1400 1400 1400 1400 1400 1400 1400 1400 1400 1400 1400 1400 1400 1400 1400 1400	[7.2886e-06]	50	1
StSI_50I_N-50x1400_sam-49x0-1x20_m_-5.1374_size-5x100000000_mu_1.0E-08_gr_0_no_events_deme_1_ditto	WGJ0UZMBWKFPQ9LCW3Y1	1	0	100	0	StSI_50I_N-50x1400_sam-49x0-1x20_m_-5.1374_size-5x100000000_mu_1.0E-08_gr_0_no_events_deme_1_ditto
StSI_5I_N-5x1400_sam-4x0-1x20_m_-4.0492_size-1x100000000_mu_1.0E-08_gr_0_no_events	2C23JJXZ0X7OMF7JXLGX	1400	8.9286e-05	5	1	1400	1
StSI_5I_N-5x1400_sam-4x0-1x20_m_-4.0492_size-1x100000000_mu_1.0E-08_gr_0_no_events	2C23JJXZ0X7OMF7JXLGX	1400 1400 1400 1400 1400	[8.9286e-05]	5	1
StSI_10I_N-10x1400_sam-9x0-1x20_m_-4.0035_size-1x100000000_mu_1.0E-08_gr_0_no_events	CQG0S8VE79VJCGRZPBF7	1400	9.9206e-05	10	2.5	1400	1
StSI_10I_N-10x1400_sam-9x0-1x20_m_-4.0035_size-1x100000000_mu_1.0E-08_gr_0_no_events	CQG0S8VE79VJCGRZPBF7	1400 1400 1400 1400 1400 1400 1400 1400 1400 1400	[9.9206e-05]	10	1
StSI_50I_N-50x1400_sam-49x0-1x20_m_-4.7394_size-1x100000000_mu_1.0E-08_gr_0_no_events	P030LMQ8Y6Q4SCOWGZDR	1400	1.8222e-05	50	2.5	1400	1
StSI_50I_N-50x1400_sam-49x0-1x20_m_-4.7394_size-1x100000000_mu_1.0E-08_gr_0_no_events	P030LMQ8Y6Q4SCOWGZDR	1400 1400 1400 1400 1400 1400 1400 1400 1400 1400 1400 1400 1400 1400 1400 1400 1400 1400 1400 1400 1400 1400 1400 1400 1400 1400 1400 1400 1400 1400 1400 1400 1400 1400 1400 1400 1400 1400 1400 1400 1400 1400 1400 1400 1400 1400 1400 1400 1400 1400	[1.8222e-05]	50	1
StSI_20I_N-20x1400_sam-19x0-1x20_m_-4.0269_size-1x100000000_mu_1.0E-08_gr_0_no_events	M3UPLLEJVLQ2L7GJL2U3	1400	9.3985e-05	20	5	1400	1
StSI_20I_N-20x1400_sam-19x0-1x20_m_-4.0269_size-1x100000000_mu_1.0E-08_gr_0_no_events	M3UPLLEJVLQ2L7GJL2U3	1400 1400 1400 1400 1400 1400 1400 1400 1400 1400 1400 1400 1400 1400 1400 1400 1400 1400 1400 1400	[9.3985e-05]	20	1
StSI_50I_N-50x1400_sam-49x0-1x20_m_-5.1374_size-1x100000000_mu_1.0E-08_gr_0_no_events	1887UGAO3JMQXVNIVQKD	1400	7.2886e-06	50	1	1400	1
StSI_50I_N-50x1400_sam-49x0-1x20_m_-5.1374_size-1x100000000_mu_1.0E-08_gr_0_no_events	1887UGAO3JMQXVNIVQKD	1400 1400 1400 1400 1400 1400 1400 1400 1400 1400 1400 1400 1400 1400 1400 1400 1400 1400 1400 1400 1400 1400 1400 1400 1400 1400 1400 1400 1400 1400 1400 1400 1400 1400 1400 1400 1400 1400 1400 1400 1400 1400 1400 1400 1400 1400 1400 1400 1400 1400	[7.2886e-06]	50	1
StSI_10I_N-10x1400_sam-9x0-1x20_m_-4.4014_size-1x100000000_mu_1.0E-08_gr_0_no_events	JPIVRDXBEKZJ1NJMA838	1400	3.9683e-05	10	1	1400	1
StSI_10I_N-10x1400_sam-9x0-1x20_m_-4.4014_size-1x100000000_mu_1.0E-08_gr_0_no_events	JPIVRDXBEKZJ1NJMA838	1400 1400 1400 1400 1400 1400 1400 1400 1400 1400	[3.9683e-05]	10	1
StSI_10I_N-10x1400_sam-9x0-1x20_m_-3.2253_size-1x100000000_mu_1.0E-08_gr_0_no_events	2XL57U7IS9DSD9CP18P4	1400	0.00059524	10	15	1400	1
StSI_10I_N-10x1400_sam-9x0-1x20_m_-3.2253_size-1x100000000_mu_1.0E-08_gr_0_no_events	2XL57U7IS9DSD9CP18P4	1400 1400 1400 1400 1400 1400 1400 1400 1400 1400	[0.00059524]	10	1
StSI_20I_N-20x1400_sam-19x0-1x20_m_-4.328_size-1x100000000_mu_1.0E-08_gr_0_no_events	3Y0K6YHKT5YO86JW8QA7	1400	4.6992e-05	20	2.5	1400	1
StSI_20I_N-20x1400_sam-19x0-1x20_m_-4.328_size-1x100000000_mu_1.0E-08_gr_0_no_events	3Y0K6YHKT5YO86JW8QA7	1400 1400 1400 1400 1400 1400 1400 1400 1400 1400 1400 1400 1400 1400 1400 1400 1400 1400 1400 1400	[4.6992e-05]	20	1
StSI_5I_N-5x1400_sam-4x0-1x20_m_-2.3502_size-1x100000000_mu_1.0E-08_gr_0_no_events	TFFE9V5E4TV78ZJ2SV89	1400	0.0044643	5	50	1400	1
StSI_5I_N-5x1400_sam-4x0-1x20_m_-2.3502_size-1x100000000_mu_1.0E-08_gr_0_no_events	TFFE9V5E4TV78ZJ2SV89	1400 1400 1400 1400 1400	[0.0044643]	5	1
StSI_20I_N-20x1400_sam-19x0-1x20_m_-4.7259_size-1x100000000_mu_1.0E-08_gr_0_no_events	KU2DVPLG91NKZZZXYCH9	1400	1.8797e-05	20	1	1400	1
StSI_20I_N-20x1400_sam-19x0-1x20_m_-4.7259_size-1x100000000_mu_1.0E-08_gr_0_no_events	KU2DVPLG91NKZZZXYCH9	1400 1400 1400 1400 1400 1400 1400 1400 1400 1400 1400 1400 1400 1400 1400 1400 1400 1400 1400 1400	[1.8797e-05]	20	1
StSI_10I_N-10x1400_sam-9x0-1x20_m_-3.7024_size-1x100000000_mu_1.0E-08_gr_0_no_events	HF5L2XE3YTYHN552Y2HT	1400	0.00019841	10	5	1400	1
StSI_10I_N-10x1400_sam-9x0-1x20_m_-3.7024_size-1x100000000_mu_1.0E-08_gr_0_no_events	HF5L2XE3YTYHN552Y2HT	1400 1400 1400 1400 1400 1400 1400 1400 1400 1400	[0.00019841]	10	1
StSI_5I_N-5x1400_sam-4x0-1x20_m_-3.3502_size-1x100000000_mu_1.0E-08_gr_0_no_events	DCQRYYN0CCNP4P9T3O7U	1400	0.00044643	5	5	1400	1
StSI_5I_N-5x1400_sam-4x0-1x20_m_-3.3502_size-1x100000000_mu_1.0E-08_gr_0_no_events	DCQRYYN0CCNP4P9T3O7U	1400 1400 1400 1400 1400	[0.00044643]	5	1
StSI_20I_N-20x1400_sam-19x0-1x20_m_-3.0269_size-1x100000000_mu_1.0E-08_gr_0_no_events	IZZFNO3QM7HJK4WV6T42	1400	0.00093985	20	50	1400	1
StSI_20I_N-20x1400_sam-19x0-1x20_m_-3.0269_size-1x100000000_mu_1.0E-08_gr_0_no_events	IZZFNO3QM7HJK4WV6T42	1400 1400 1400 1400 1400 1400 1400 1400 1400 1400 1400 1400 1400 1400 1400 1400 1400 1400 1400 1400	[0.00093985]	20	1
StSI_5I_N-5x1400_sam-4x0-1x20_m_-2.8731_size-1x100000000_mu_1.0E-08_gr_0_no_events	M9MKYHFS5WVLBRMZOW8B	1400	0.0013393	5	15	1400	1
StSI_5I_N-5x1400_sam-4x0-1x20_m_-2.8731_size-1x100000000_mu_1.0E-08_gr_0_no_events	M9MKYHFS5WVLBRMZOW8B	1400 1400 1400 1400 1400	[0.0013393]	5	1
StSI_50I_N-50x1400_sam-49x0-1x20_m_-3.4384_size-1x100000000_mu_1.0E-08_gr_0_no_events	QSY0OK06AK762OS4E2XJ	1400	0.00036443	50	50	1400	1
StSI_50I_N-50x1400_sam-49x0-1x20_m_-3.4384_size-1x100000000_mu_1.0E-08_gr_0_no_events	QSY0OK06AK762OS4E2XJ	1400 1400 1400 1400 1400 1400 1400 1400 1400 1400 1400 1400 1400 1400 1400 1400 1400 1400 1400 1400 1400 1400 1400 1400 1400 1400 1400 1400 1400 1400 1400 1400 1400 1400 1400 1400 1400 1400 1400 1400 1400 1400 1400 1400 1400 1400 1400 1400 1400 1400	[0.00036443]	50	1
StSI_50I_N-50x1400_sam-49x0-1x20_m_-3.9613_size-1x100000000_mu_1.0E-08_gr_0_no_events	WSW8T2D40ZDQ5Y8BG7XS	1400	0.00010933	50	15	1400	1
StSI_50I_N-50x1400_sam-49x0-1x20_m_-3.9613_size-1x100000000_mu_1.0E-08_gr_0_no_events	WSW8T2D40ZDQ5Y8BG7XS	1400 1400 1400 1400 1400 1400 1400 1400 1400 1400 1400 1400 1400 1400 1400 1400 1400 1400 1400 1400 1400 1400 1400 1400 1400 1400 1400 1400 1400 1400 1400 1400 1400 1400 1400 1400 1400 1400 1400 1400 1400 1400 1400 1400 1400 1400 1400 1400 1400 1400	[0.00010933]	50	1
StSI_50I_N-50x1400_sam-49x0-1x20_m_-4.4384_size-1x100000000_mu_1.0E-08_gr_0_no_events	V2E85FV2F4WK8J0RX9YJ	1400	3.6443e-05	50	5	1400	1
StSI_50I_N-50x1400_sam-49x0-1x20_m_-4.4384_size-1x100000000_mu_1.0E-08_gr_0_no_events	V2E85FV2F4WK8J0RX9YJ	1400 1400 1400 1400 1400 1400 1400 1400 1400 1400 1400 1400 1400 1400 1400 1400 1400 1400 1400 1400 1400 1400 1400 1400 1400 1400 1400 1400 1400 1400 1400 1400 1400 1400 1400 1400 1400 1400 1400 1400 1400 1400 1400 1400 1400 1400 1400 1400 1400 1400	[3.6443e-05]	50	1
StSI_20I_N-20x1400_sam-19x0-1x20_m_-3.5498_size-1x100000000_mu_1.0E-08_gr_0_no_events	995SBJK3I7XMDOTJCDTW	1400	0.00028195	20	15	1400	1
StSI_20I_N-20x1400_sam-19x0-1x20_m_-3.5498_size-1x100000000_mu_1.0E-08_gr_0_no_events	995SBJK3I7XMDOTJCDTW	1400 1400 1400 1400 1400 1400 1400 1400 1400 1400 1400 1400 1400 1400 1400 1400 1400 1400 1400 1400	[0.00028195]	20	1
StSI_10I_N-10x1400_sam-9x0-1x20_m_-2.7024_size-1x100000000_mu_1.0E-08_gr_0_no_events	8DUOCEIOITFVJBW4GJJI	1400	0.0019841	10	50	1400	1
StSI_10I_N-10x1400_sam-9x0-1x20_m_-2.7024_size-1x100000000_mu_1.0E-08_gr_0_no_events	8DUOCEIOITFVJBW4GJJI	1400 1400 1400 1400 1400 1400 1400 1400 1400 1400	[0.0019841]	10	1
StSI_5I_N-5x1400_sam-4x0-1x20_m_-3.6513_size-1x100000000_mu_1.0E-08_gr_0_no_events	9HW5OHIPFO0O1KCVW2C5	1400	0.00022321	5	2.5	1400	1
StSI_5I_N-5x1400_sam-4x0-1x20_m_-3.6513_size-1x100000000_mu_1.0E-08_gr_0_no_events	9HW5OHIPFO0O1KCVW2C5	1400 1400 1400 1400 1400	[0.00022321]	5	1
StSI_5I_N-5x1400_sam-4x0-1x20_m_-4.0492_size-1x100000000_mu_1.0E-08_gr_0_no_events_deme_1_ditto	H4HAH76YILQUTYW7W9EM	1	0	100	0	StSI_5I_N-5x1400_sam-4x0-1x20_m_-4.0492_size-1x100000000_mu_1.0E-08_gr_0_no_events_deme_1_ditto
StSI_5I_N-5x1400_sam-4x0-1x20_m_-3.6513_size-1x100000000_mu_1.0E-08_gr_0_no_events_deme_1_ditto	Q2J1SYZNEIC09OKWUU4L	1	0	100	0	StSI_5I_N-5x1400_sam-4x0-1x20_m_-3.6513_size-1x100000000_mu_1.0E-08_gr_0_no_events_deme_1_ditto
StSI_5I_N-5x1400_sam-4x0-1x20_m_-3.3502_size-1x100000000_mu_1.0E-08_gr_0_no_events_deme_1_ditto	ZIMGSNFOILIS9EODFP47	1	0	100	0	StSI_5I_N-5x1400_sam-4x0-1x20_m_-3.3502_size-1x100000000_mu_1.0E-08_gr_0_no_events_deme_1_ditto
StSI_10I_N-10x1400_sam-9x0-1x20_m_-4.4014_size-1x100000000_mu_1.0E-08_gr_0_no_events_deme_1_ditto	Y0FY145RSOU1HYZBLT9P	1	0	100	0	StSI_10I_N-10x1400_sam-9x0-1x20_m_-4.4014_size-1x100000000_mu_1.0E-08_gr_0_no_events_deme_1_ditto
StSI_5I_N-5x1400_sam-4x0-1x20_m_-2.8731_size-1x100000000_mu_1.0E-08_gr_0_no_events_deme_1_ditto	P9BXUC6BE7K581VDN8WS	1	0	100	0	StSI_5I_N-5x1400_sam-4x0-1x20_m_-2.8731_size-1x100000000_mu_1.0E-08_gr_0_no_events_deme_1_ditto
StSI_10I_N-10x1400_sam-9x0-1x20_m_-4.0035_size-1x100000000_mu_1.0E-08_gr_0_no_events_deme_1_ditto	PFA2P0LFYIQYEMVRWZ1O	1	0	100	0	StSI_10I_N-10x1400_sam-9x0-1x20_m_-4.0035_size-1x100000000_mu_1.0E-08_gr_0_no_events_deme_1_ditto
StSI_5I_N-5x1400_sam-4x0-1x20_m_-4.0492_size-1x100000000_mu_1.0E-08_gr_0_no_events	2C23JJXZ0X7OMF7JXLGX	1400	8.9286e-05	5	1	1400	1
StSI_5I_N-5x1400_sam-4x0-1x20_m_-4.0492_size-1x100000000_mu_1.0E-08_gr_0_no_events	2C23JJXZ0X7OMF7JXLGX	1400 1400 1400 1400 1400	[8.9286e-05]	5	1
StSI_10I_N-10x1400_sam-9x0-1x20_m_-2.7024_size-1x100000000_mu_1.0E-08_gr_0_no_events	8DUOCEIOITFVJBW4GJJI	1400	0.0019841	10	50	1400	1
StSI_10I_N-10x1400_sam-9x0-1x20_m_-2.7024_size-1x100000000_mu_1.0E-08_gr_0_no_events	8DUOCEIOITFVJBW4GJJI	1400 1400 1400 1400 1400 1400 1400 1400 1400 1400	[0.0019841]	10	1
StSI_20I_N-20x1400_sam-19x0-1x20_m_-3.0269_size-1x100000000_mu_1.0E-08_gr_0_no_events	IZZFNO3QM7HJK4WV6T42	1400	0.00093985	20	50	1400	1
StSI_20I_N-20x1400_sam-19x0-1x20_m_-3.0269_size-1x100000000_mu_1.0E-08_gr_0_no_events	IZZFNO3QM7HJK4WV6T42	1400 1400 1400 1400 1400 1400 1400 1400 1400 1400 1400 1400 1400 1400 1400 1400 1400 1400 1400 1400	[0.00093985]	20	1
StSI_10I_N-10x1400_sam-9x0-1x20_m_-3.7024_size-1x100000000_mu_1.0E-08_gr_0_no_events	SF710BI8M3REQPFC1F2H	1400	0.00019841	10	5	1400	1
StSI_10I_N-10x1400_sam-9x0-1x20_m_-3.7024_size-1x100000000_mu_1.0E-08_gr_0_no_events	SF710BI8M3REQPFC1F2H	1400 1400 1400 1400 1400 1400 1400 1400 1400 1400	[0.00019841]	10	1
StSI_5I_N-5x1400_sam-4x0-1x20_m_-3.3502_size-1x100000000_mu_1.0E-08_gr_0_no_events	LFJO3HKP8JQIZZMNEFW9	1400	0.00044643	5	5	1400	1
StSI_5I_N-5x1400_sam-4x0-1x20_m_-3.3502_size-1x100000000_mu_1.0E-08_gr_0_no_events	LFJO3HKP8JQIZZMNEFW9	1400 1400 1400 1400 1400	[0.00044643]	5	1
StSI_20I_N-20x1400_sam-19x0-1x20_m_-3.0269_size-1x100000000_mu_1.0E-08_gr_0_no_events	40MZ573ZVUICHITEATVQ	1400	0.00093985	20	50	1400	1
StSI_20I_N-20x1400_sam-19x0-1x20_m_-3.0269_size-1x100000000_mu_1.0E-08_gr_0_no_events	40MZ573ZVUICHITEATVQ	1400 1400 1400 1400 1400 1400 1400 1400 1400 1400 1400 1400 1400 1400 1400 1400 1400 1400 1400 1400	[0.00093985]	20	1
StSI_50I_N-50x1400_sam-49x0-1x20_m_-3.4384_size-1x100000000_mu_1.0E-08_gr_0_no_events	47J73JXCQNXV2KUJJYXR	1400	0.00036443	50	50	1400	1
StSI_50I_N-50x1400_sam-49x0-1x20_m_-3.4384_size-1x100000000_mu_1.0E-08_gr_0_no_events	47J73JXCQNXV2KUJJYXR	1400 1400 1400 1400 1400 1400 1400 1400 1400 1400 1400 1400 1400 1400 1400 1400 1400 1400 1400 1400 1400 1400 1400 1400 1400 1400 1400 1400 1400 1400 1400 1400 1400 1400 1400 1400 1400 1400 1400 1400 1400 1400 1400 1400 1400 1400 1400 1400 1400 1400	[0.00036443]	50	1
StSI_5I_N-5x1400_sam-4x0-1x20_m_-3.6513_size-1x100000000_mu_1.0E-08_gr_0_no_events	4GM245H6ECWX5GJCLZ0L	1400	0.00022321	5	2.5	1400	1
StSI_5I_N-5x1400_sam-4x0-1x20_m_-3.6513_size-1x100000000_mu_1.0E-08_gr_0_no_events	4GM245H6ECWX5GJCLZ0L	1400 1400 1400 1400 1400	[0.00022321]	5	1
StSI_5I_N-5x1400_sam-4x0-1x20_m_-2.8731_size-1x100000000_mu_1.0E-08_gr_0_no_events	RGNHBEDJIPL3Z80RPX9P	1400	0.0013393	5	15	1400	1
StSI_5I_N-5x1400_sam-4x0-1x20_m_-2.8731_size-1x100000000_mu_1.0E-08_gr_0_no_events	RGNHBEDJIPL3Z80RPX9P	1400 1400 1400 1400 1400	[0.0013393]	5	1
StSI_10I_N-10x1400_sam-9x0-1x20_m_-3.2253_size-1x100000000_mu_1.0E-08_gr_0_no_events	1PNTLUHGZICNNU6VGOLO	1400	0.00059524	10	15	1400	1
StSI_10I_N-10x1400_sam-9x0-1x20_m_-3.2253_size-1x100000000_mu_1.0E-08_gr_0_no_events	1PNTLUHGZICNNU6VGOLO	1400 1400 1400 1400 1400 1400 1400 1400 1400 1400	[0.00059524]	10	1
StSI_5I_N-5x1400_sam-4x0-1x20_m_-4.0492_size-1x100000000_mu_1.0E-08_gr_0_no_events	7XU80R2PZHXWDCADHWTJ	1400	8.9286e-05	5	1	1400	1
StSI_5I_N-5x1400_sam-4x0-1x20_m_-4.0492_size-1x100000000_mu_1.0E-08_gr_0_no_events	7XU80R2PZHXWDCADHWTJ	1400 1400 1400 1400 1400	[8.9286e-05]	5	1
StSI_5I_N-5x1400_sam-4x0-1x20_m_-2.3502_size-1x100000000_mu_1.0E-08_gr_0_no_events	ZNGX4QHEO65KJLBU586V	1400	0.0044643	5	50	1400	1
StSI_5I_N-5x1400_sam-4x0-1x20_m_-2.3502_size-1x100000000_mu_1.0E-08_gr_0_no_events	ZNGX4QHEO65KJLBU586V	1400 1400 1400 1400 1400	[0.0044643]	5	1
StSI_20I_N-20x1400_sam-19x0-1x20_m_-4.0269_size-1x100000000_mu_1.0E-08_gr_0_no_events	Q067E3Z7C6MJK5RH7D1L	1400	9.3985e-05	20	5	1400	1
StSI_20I_N-20x1400_sam-19x0-1x20_m_-4.0269_size-1x100000000_mu_1.0E-08_gr_0_no_events	Q067E3Z7C6MJK5RH7D1L	1400 1400 1400 1400 1400 1400 1400 1400 1400 1400 1400 1400 1400 1400 1400 1400 1400 1400 1400 1400	[9.3985e-05]	20	1
StSI_20I_N-20x1400_sam-19x0-1x20_m_-3.5498_size-1x100000000_mu_1.0E-08_gr_0_no_events	L7W1NI81P86L7LO71WAU	1400	0.00028195	20	15	1400	1
StSI_20I_N-20x1400_sam-19x0-1x20_m_-3.5498_size-1x100000000_mu_1.0E-08_gr_0_no_events	L7W1NI81P86L7LO71WAU	1400 1400 1400 1400 1400 1400 1400 1400 1400 1400 1400 1400 1400 1400 1400 1400 1400 1400 1400 1400	[0.00028195]	20	1
StSI_10I_N-10x1400_sam-9x0-1x20_m_-2.7024_size-1x100000000_mu_1.0E-08_gr_0_no_events	J8FRQTNBF1S87PXLIR50	1400	0.0019841	10	50	1400	1
StSI_10I_N-10x1400_sam-9x0-1x20_m_-2.7024_size-1x100000000_mu_1.0E-08_gr_0_no_events	J8FRQTNBF1S87PXLIR50	1400 1400 1400 1400 1400 1400 1400 1400 1400 1400	[0.0019841]	10	1
StSI_10I_N-10x1400_sam-9x0-1x20_m_-4.0035_size-1x100000000_mu_1.0E-08_gr_0_no_events	15SJKOU6FUZ8Z81PGJTP	1400	9.9206e-05	10	2.5	1400	1
StSI_10I_N-10x1400_sam-9x0-1x20_m_-4.0035_size-1x100000000_mu_1.0E-08_gr_0_no_events	15SJKOU6FUZ8Z81PGJTP	1400 1400 1400 1400 1400 1400 1400 1400 1400 1400	[9.9206e-05]	10	1
StSI_20I_N-20x1400_sam-19x0-1x20_m_-4.7259_size-1x100000000_mu_1.0E-08_gr_0_no_events	UA92LQE52DQ7YTPWS93K	1400	1.8797e-05	20	1	1400	1
StSI_20I_N-20x1400_sam-19x0-1x20_m_-4.7259_size-1x100000000_mu_1.0E-08_gr_0_no_events	UA92LQE52DQ7YTPWS93K	1400 1400 1400 1400 1400 1400 1400 1400 1400 1400 1400 1400 1400 1400 1400 1400 1400 1400 1400 1400	[1.8797e-05]	20	1
StSI_10I_N-10x1400_sam-9x0-1x20_m_-4.4014_size-1x100000000_mu_1.0E-08_gr_0_no_events	4AS030WUXUJY5FZW58LG	1400	3.9683e-05	10	1	1400	1
StSI_10I_N-10x1400_sam-9x0-1x20_m_-4.4014_size-1x100000000_mu_1.0E-08_gr_0_no_events	4AS030WUXUJY5FZW58LG	1400 1400 1400 1400 1400 1400 1400 1400 1400 1400	[3.9683e-05]	10	1
StSI_20I_N-20x1400_sam-19x0-1x20_m_-4.328_size-1x100000000_mu_1.0E-08_gr_0_no_events	GKNECRLHPNLY4OND2LQ5	1400	4.6992e-05	20	2.5	1400	1
StSI_20I_N-20x1400_sam-19x0-1x20_m_-4.328_size-1x100000000_mu_1.0E-08_gr_0_no_events	GKNECRLHPNLY4OND2LQ5	1400 1400 1400 1400 1400 1400 1400 1400 1400 1400 1400 1400 1400 1400 1400 1400 1400 1400 1400 1400	[4.6992e-05]	20	1
StSI_50I_N-50x1400_sam-49x0-1x20_m_-5.1374_size-1x100000000_mu_1.0E-08_gr_0_no_events	L4P91SEKWR1GFUDQ7V0J	1400	7.2886e-06	50	1	1400	1
StSI_50I_N-50x1400_sam-49x0-1x20_m_-5.1374_size-1x100000000_mu_1.0E-08_gr_0_no_events	L4P91SEKWR1GFUDQ7V0J	1400 1400 1400 1400 1400 1400 1400 1400 1400 1400 1400 1400 1400 1400 1400 1400 1400 1400 1400 1400 1400 1400 1400 1400 1400 1400 1400 1400 1400 1400 1400 1400 1400 1400 1400 1400 1400 1400 1400 1400 1400 1400 1400 1400 1400 1400 1400 1400 1400 1400	[7.2886e-06]	50	1
StSI_50I_N-50x1400_sam-49x0-1x20_m_-4.4384_size-1x100000000_mu_1.0E-08_gr_0_no_events	L4JKDYYPTKT3QPG1D9M1	1400	3.6443e-05	50	5	1400	1
StSI_50I_N-50x1400_sam-49x0-1x20_m_-4.4384_size-1x100000000_mu_1.0E-08_gr_0_no_events	L4JKDYYPTKT3QPG1D9M1	1400 1400 1400 1400 1400 1400 1400 1400 1400 1400 1400 1400 1400 1400 1400 1400 1400 1400 1400 1400 1400 1400 1400 1400 1400 1400 1400 1400 1400 1400 1400 1400 1400 1400 1400 1400 1400 1400 1400 1400 1400 1400 1400 1400 1400 1400 1400 1400 1400 1400	[3.6443e-05]	50	1
StSI_50I_N-50x1400_sam-49x0-1x20_m_-3.9613_size-1x100000000_mu_1.0E-08_gr_0_no_events	RWN831CBB5WREPRI3RIU	1400	0.00010933	50	15	1400	1
StSI_50I_N-50x1400_sam-49x0-1x20_m_-3.9613_size-1x100000000_mu_1.0E-08_gr_0_no_events	RWN831CBB5WREPRI3RIU	1400 1400 1400 1400 1400 1400 1400 1400 1400 1400 1400 1400 1400 1400 1400 1400 1400 1400 1400 1400 1400 1400 1400 1400 1400 1400 1400 1400 1400 1400 1400 1400 1400 1400 1400 1400 1400 1400 1400 1400 1400 1400 1400 1400 1400 1400 1400 1400 1400 1400	[0.00010933]	50	1
StSI_50I_N-50x1400_sam-49x0-1x20_m_-4.7394_size-1x100000000_mu_1.0E-08_gr_0_no_events	EMWARTJJEASGK5TJNNT2	1400	1.8222e-05	50	2.5	1400	1
StSI_50I_N-50x1400_sam-49x0-1x20_m_-4.7394_size-1x100000000_mu_1.0E-08_gr_0_no_events	EMWARTJJEASGK5TJNNT2	1400 1400 1400 1400 1400 1400 1400 1400 1400 1400 1400 1400 1400 1400 1400 1400 1400 1400 1400 1400 1400 1400 1400 1400 1400 1400 1400 1400 1400 1400 1400 1400 1400 1400 1400 1400 1400 1400 1400 1400 1400 1400 1400 1400 1400 1400 1400 1400 1400 1400	[1.8222e-05]	50	1
StSI_5I_N-5x1400_sam-4x0-1x20_m_-4.0492_size-1x100000000_mu_1.0E-08_gr_0_no_events_deme_1_ditto	7FKCIYMGFFDDZOF3UYD2	1	0	100	0	StSI_5I_N-5x1400_sam-4x0-1x20_m_-4.0492_size-1x100000000_mu_1.0E-08_gr_0_no_events_deme_1_ditto
StSI_5I_N-5x1400_sam-4x0-1x20_m_-3.6513_size-1x100000000_mu_1.0E-08_gr_0_no_events_deme_1_ditto	2HU6LGAB4BX4P2AXILBK	1	0	100	0	StSI_5I_N-5x1400_sam-4x0-1x20_m_-3.6513_size-1x100000000_mu_1.0E-08_gr_0_no_events_deme_1_ditto
StSI_5I_N-5x1400_sam-4x0-1x20_m_-3.3502_size-1x100000000_mu_1.0E-08_gr_0_no_events_deme_1_ditto	GUWDQ020DQIBHH24ILG1	1	0	100	0	StSI_5I_N-5x1400_sam-4x0-1x20_m_-3.3502_size-1x100000000_mu_1.0E-08_gr_0_no_events_deme_1_ditto
StSI_5I_N-5x1400_sam-4x0-1x20_m_-2.8731_size-1x100000000_mu_1.0E-08_gr_0_no_events_deme_1_ditto	92CFQJ0DXBN1AT0FMARG	1	0	100	0	StSI_5I_N-5x1400_sam-4x0-1x20_m_-2.8731_size-1x100000000_mu_1.0E-08_gr_0_no_events_deme_1_ditto
StSI_10I_N-10x1400_sam-9x0-1x20_m_-4.4014_size-1x100000000_mu_1.0E-08_gr_0_no_events_deme_1_ditto	NR5UN2GS0HB8IP0DVKL5	1	0	100	0	StSI_10I_N-10x1400_sam-9x0-1x20_m_-4.4014_size-1x100000000_mu_1.0E-08_gr_0_no_events_deme_1_ditto
StSI_10I_N-10x1400_sam-9x0-1x20_m_-4.0035_size-1x100000000_mu_1.0E-08_gr_0_no_events_deme_1_ditto	7BO3K06S4WPSHRACGN07	1	0	100	0	StSI_10I_N-10x1400_sam-9x0-1x20_m_-4.0035_size-1x100000000_mu_1.0E-08_gr_0_no_events_deme_1_ditto
StSI_10I_N-10x1400_sam-9x0-1x20_m_-3.7024_size-1x100000000_mu_1.0E-08_gr_0_no_events_deme_1_ditto	N3JYZU2ZHJIIV7T6FWBQ	1	0	100	0	StSI_10I_N-10x1400_sam-9x0-1x20_m_-3.7024_size-1x100000000_mu_1.0E-08_gr_0_no_events_deme_1_ditto
StSI_10I_N-10x1400_sam-9x0-1x20_m_-3.2253_size-1x100000000_mu_1.0E-08_gr_0_no_events_deme_1_ditto	UA69NPHRN9QQ7HWQCC6A	1	0	100	0	StSI_10I_N-10x1400_sam-9x0-1x20_m_-3.2253_size-1x100000000_mu_1.0E-08_gr_0_no_events_deme_1_ditto
StSI_5I_N-5x1400_sam-4x0-1x20_m_-2.3502_size-1x100000000_mu_1.0E-08_gr_0_no_events_deme_1_ditto	8RW37JTGJJVLIKSQD0UB	1	0	100	0	StSI_5I_N-5x1400_sam-4x0-1x20_m_-2.3502_size-1x100000000_mu_1.0E-08_gr_0_no_events_deme_1_ditto
StSI_20I_N-20x1400_sam-19x0-1x20_m_-4.7259_size-1x100000000_mu_1.0E-08_gr_0_no_events_deme_1_ditto	IBD7YLZ89C8AJOUTZX0C	1	0	100	0	StSI_20I_N-20x1400_sam-19x0-1x20_m_-4.7259_size-1x100000000_mu_1.0E-08_gr_0_no_events_deme_1_ditto
StSI_20I_N-20x1400_sam-19x0-1x20_m_-4.328_size-1x100000000_mu_1.0E-08_gr_0_no_events_deme_1_ditto	DMXCNB0MPNPXWCLH1E9Z	1	0	100	0	StSI_20I_N-20x1400_sam-19x0-1x20_m_-4.328_size-1x100000000_mu_1.0E-08_gr_0_no_events_deme_1_ditto
StSI_20I_N-20x1400_sam-19x0-1x20_m_-4.0269_size-1x100000000_mu_1.0E-08_gr_0_no_events_deme_1_ditto	SUXG8IPACGWNU1LH99ZX	1	0	100	0	StSI_20I_N-20x1400_sam-19x0-1x20_m_-4.0269_size-1x100000000_mu_1.0E-08_gr_0_no_events_deme_1_ditto
StSI_10I_N-10x1400_sam-9x0-1x20_m_-2.7024_size-1x100000000_mu_1.0E-08_gr_0_no_events_deme_1_ditto	8NXPABZ60S26U1HBROF0	1	0	99	0	StSI_10I_N-10x1400_sam-9x0-1x20_m_-2.7024_size-1x100000000_mu_1.0E-08_gr_0_no_events_deme_1_ditto
StSI_20I_N-20x1400_sam-19x0-1x20_m_-3.5498_size-1x100000000_mu_1.0E-08_gr_0_no_events_deme_1_ditto	U0K82ZMD5OK9OY44VGND	1	0	100	0	StSI_20I_N-20x1400_sam-19x0-1x20_m_-3.5498_size-1x100000000_mu_1.0E-08_gr_0_no_events_deme_1_ditto
StSI_20I_N-20x1400_sam-19x0-1x20_m_-3.0269_size-1x100000000_mu_1.0E-08_gr_0_no_events_deme_1_ditto	BYJIQDTQ8UPQRRAKPEPG	1	0	100	0	StSI_20I_N-20x1400_sam-19x0-1x20_m_-3.0269_size-1x100000000_mu_1.0E-08_gr_0_no_events_deme_1_ditto
StSI_50I_N-50x1400_sam-49x0-1x20_m_-5.1374_size-1x100000000_mu_1.0E-08_gr_0_no_events_deme_1_ditto	PESTLYMF2VSPLVR2QRVG	1	0	100	0	StSI_50I_N-50x1400_sam-49x0-1x20_m_-5.1374_size-1x100000000_mu_1.0E-08_gr_0_no_events_deme_1_ditto
StSI_50I_N-50x1400_sam-49x0-1x20_m_-4.7394_size-1x100000000_mu_1.0E-08_gr_0_no_events_deme_1_ditto	U77Q0J21QEDPGR7D5TFP	1	0	100	0	StSI_50I_N-50x1400_sam-49x0-1x20_m_-4.7394_size-1x100000000_mu_1.0E-08_gr_0_no_events_deme_1_ditto
StSI_50I_N-50x1400_sam-49x0-1x20_m_-4.4384_size-1x100000000_mu_1.0E-08_gr_0_no_events_deme_1_ditto	9JL5JJP5T70GUHRYVGK1	1	0	100	0	StSI_50I_N-50x1400_sam-49x0-1x20_m_-4.4384_size-1x100000000_mu_1.0E-08_gr_0_no_events_deme_1_ditto
StSI_50I_N-50x1400_sam-49x0-1x20_m_-3.9613_size-1x100000000_mu_1.0E-08_gr_0_no_events_deme_1_ditto	DHODOWMDDT2V1L0LW8KQ	1	0	100	0	StSI_50I_N-50x1400_sam-49x0-1x20_m_-3.9613_size-1x100000000_mu_1.0E-08_gr_0_no_events_deme_1_ditto
StSI_50I_N-50x1400_sam-49x0-1x20_m_-3.4384_size-1x100000000_mu_1.0E-08_gr_0_no_events_deme_1_ditto	4DS8CH42B2YSX780F8UF	1	0	100	0	StSI_50I_N-50x1400_sam-49x0-1x20_m_-3.4384_size-1x100000000_mu_1.0E-08_gr_0_no_events_deme_1_ditto
